// Jest Snapshot v1, https://goo.gl/fbAQLP

exports[`SpeechDismantler component renders 1`] = `
ShallowWrapper {
  Symbol(enzyme.__root__): [Circular],
  Symbol(enzyme.__unrendered__): <SpeechDismantler
    server_address="..."
  />,
  Symbol(enzyme.__renderer__): Object {
    "batchedUpdates": [Function],
    "checkPropTypes": [Function],
    "getNode": [Function],
    "render": [Function],
    "simulateError": [Function],
    "simulateEvent": [Function],
    "unmount": [Function],
  },
  Symbol(enzyme.__node__): Object {
    "instance": null,
    "key": undefined,
    "nodeType": "host",
    "props": Object {
      "children": Array [
        <div>
          <Hidden
            implementation="js"
            lgDown={false}
            lgUp={false}
            mdDown={false}
            mdUp={false}
            smDown={true}
            smUp={false}
            xlDown={false}
            xlUp={false}
            xsDown={false}
            xsUp={false}
          >
            <WithStyles(MiniDrawer)
              setView={[Function]}
            />
          </Hidden>
          <Hidden
            implementation="js"
            lgDown={false}
            lgUp={false}
            mdDown={false}
            mdUp={true}
            smDown={false}
            smUp={false}
            xlDown={false}
            xlUp={false}
            xsDown={false}
            xsUp={false}
          >
            <MobileDrawer
              setView={[Function]}
            />
          </Hidden>
        </div>,
        <div>
          <WithStyles(HomePage)
            reset={[Function]}
            setHighLight={[Function]}
            state={
              Object {
                "audioChunks": Array [],
                "blobUrl": "",
                "elapsed": 0,
                "highlight": 0,
                "interim": "",
                "isRecording": false,
                "left": false,
                "transcript": Array [],
                "view": 0,
                "volumes": Array [],
                "wordColor": WordColor {
                  "AudioUtils": AudioUtils {
                    "GetColor": [Function],
                    "SetVolumes": [Function],
                    "audioSampleSize": 10,
                    "averageVolumes": Array [],
                    "startTime": 0,
                    "startTimeNotSet": true,
                    "startVolume": 0,
                    "volumeCounter": 0,
                    "wordTimesAndVolumes": Map {},
                  },
                  "CalculateFrequencies": [Function],
                  "ColorUsingFillerWords": [Function],
                  "ColorUsingVolumeLevel": [Function],
                  "ColorUsingWordFrequencies": [Function],
                  "FillerWords": FillerWords {
                    "GetColor": [Function],
                    "fillerWords": Map {
                      "absolutely" => 1,
                      "actually" => 1,
                      "admittedly" => 1,
                      "almost" => 1,
                      "anyway" => 1,
                      "apparently" => 1,
                      "arguably" => 1,
                      "basically" => 1,
                      "certainly" => 1,
                      "clearly" => 1,
                      "confidentially" => 1,
                      "cool" => 1,
                      "definitely" => 1,
                      "essentially" => 1,
                      "exactly" => 1,
                      "fine" => 1,
                      "firstly" => 1,
                      "fortunately" => 1,
                      "frankly" => 1,
                      "good" => 1,
                      "gosh" => 1,
                      "gotcha" => 1,
                      "great" => 1,
                      "honestly" => 1,
                      "hooray" => 1,
                      "ideally" => 1,
                      "indeed" => 1,
                      "just" => 1,
                      "like" => 1,
                      "literally" => 1,
                      "look" => 1,
                      "maybe" => 1,
                      "mind" => 1,
                      "moreover" => 1,
                      "most" => 1,
                      "naturally" => 1,
                      "no" => 1,
                      "now" => 1,
                      "obviously" => 1,
                      "oh" => 1,
                      "ok" => 1,
                      "okay" => 1,
                      "only" => 1,
                      "perhaps" => 1,
                      "predictably" => 1,
                      "presumably" => 1,
                      "probably" => 1,
                      "quite" => 1,
                      "really" => 1,
                      "right" => 1,
                      "roughly" => 1,
                      "sadly" => 1,
                      "secondly" => 1,
                      "seemed" => 1,
                      "seriously" => 1,
                      "simply" => 1,
                      "slightly" => 1,
                      "so" => 1,
                      "somehow" => 1,
                      "sorry" => 1,
                      "sure" => 1,
                      "surely" => 1,
                      "thankfully" => 1,
                      "that" => 1,
                      "thirdly" => 1,
                      "totally" => 1,
                      "truly" => 1,
                      "ugh" => 1,
                      "um" => 1,
                      "understandably" => 1,
                      "undoubtedly" => 1,
                      "unfortunately" => 1,
                      "very" => 1,
                      "well" => 1,
                      "whatever" => 1,
                      "wonderful" => 1,
                      "wow" => 1,
                      "yeah" => 1,
                      "yes" => 1,
                      "yippee" => 1,
                      "yuk" => 1,
                    },
                  },
                  "GetColor": [Function],
                  "ResetColor": [Function],
                  "SetVolumes": [Function],
                  "WordCounter": WordCounter {
                    "CalculateFrequencies": [Function],
                    "GetColor": [Function],
                    "GetFrequency": [Function],
                    "IsInMostUsedList": [Function],
                    "topWords": Array [],
                    "wordsAndFreqs": Map {},
                  },
                  "useFillerWords": false,
                  "useVolumeLevel": false,
                  "useWordFrequencies": false,
                },
              }
            }
            toggleRecord={[Function]}
          />
        </div>,
      ],
    },
    "ref": null,
    "rendered": Array [
      Object {
        "instance": null,
        "key": undefined,
        "nodeType": "host",
        "props": Object {
          "children": Array [
            <Hidden
              implementation="js"
              lgDown={false}
              lgUp={false}
              mdDown={false}
              mdUp={false}
              smDown={true}
              smUp={false}
              xlDown={false}
              xlUp={false}
              xsDown={false}
              xsUp={false}
            >
              <WithStyles(MiniDrawer)
                setView={[Function]}
              />
            </Hidden>,
            <Hidden
              implementation="js"
              lgDown={false}
              lgUp={false}
              mdDown={false}
              mdUp={true}
              smDown={false}
              smUp={false}
              xlDown={false}
              xlUp={false}
              xsDown={false}
              xsUp={false}
            >
              <MobileDrawer
                setView={[Function]}
              />
            </Hidden>,
          ],
        },
        "ref": null,
        "rendered": Array [
          Object {
            "instance": null,
            "key": undefined,
            "nodeType": "function",
            "props": Object {
              "children": <WithStyles(MiniDrawer)
                setView={[Function]}
              />,
              "implementation": "js",
              "lgDown": false,
              "lgUp": false,
              "mdDown": false,
              "mdUp": false,
              "smDown": true,
              "smUp": false,
              "xlDown": false,
              "xlUp": false,
              "xsDown": false,
              "xsUp": false,
            },
            "ref": null,
            "rendered": Object {
              "instance": null,
              "key": undefined,
              "nodeType": "class",
              "props": Object {
                "setView": [Function],
              },
              "ref": null,
              "rendered": null,
              "type": [Function],
            },
            "type": [Function],
          },
          Object {
            "instance": null,
            "key": undefined,
            "nodeType": "function",
            "props": Object {
              "children": <MobileDrawer
                setView={[Function]}
              />,
              "implementation": "js",
              "lgDown": false,
              "lgUp": false,
              "mdDown": false,
              "mdUp": true,
              "smDown": false,
              "smUp": false,
              "xlDown": false,
              "xlUp": false,
              "xsDown": false,
              "xsUp": false,
            },
            "ref": null,
            "rendered": Object {
              "instance": null,
              "key": undefined,
              "nodeType": "class",
              "props": Object {
                "setView": [Function],
              },
              "ref": null,
              "rendered": null,
              "type": [Function],
            },
            "type": [Function],
          },
        ],
        "type": "div",
      },
      Object {
        "instance": null,
        "key": undefined,
        "nodeType": "host",
        "props": Object {
          "children": <WithStyles(HomePage)
            reset={[Function]}
            setHighLight={[Function]}
            state={
              Object {
                "audioChunks": Array [],
                "blobUrl": "",
                "elapsed": 0,
                "highlight": 0,
                "interim": "",
                "isRecording": false,
                "left": false,
                "transcript": Array [],
                "view": 0,
                "volumes": Array [],
                "wordColor": WordColor {
                  "AudioUtils": AudioUtils {
                    "GetColor": [Function],
                    "SetVolumes": [Function],
                    "audioSampleSize": 10,
                    "averageVolumes": Array [],
                    "startTime": 0,
                    "startTimeNotSet": true,
                    "startVolume": 0,
                    "volumeCounter": 0,
                    "wordTimesAndVolumes": Map {},
                  },
                  "CalculateFrequencies": [Function],
                  "ColorUsingFillerWords": [Function],
                  "ColorUsingVolumeLevel": [Function],
                  "ColorUsingWordFrequencies": [Function],
                  "FillerWords": FillerWords {
                    "GetColor": [Function],
                    "fillerWords": Map {
                      "absolutely" => 1,
                      "actually" => 1,
                      "admittedly" => 1,
                      "almost" => 1,
                      "anyway" => 1,
                      "apparently" => 1,
                      "arguably" => 1,
                      "basically" => 1,
                      "certainly" => 1,
                      "clearly" => 1,
                      "confidentially" => 1,
                      "cool" => 1,
                      "definitely" => 1,
                      "essentially" => 1,
                      "exactly" => 1,
                      "fine" => 1,
                      "firstly" => 1,
                      "fortunately" => 1,
                      "frankly" => 1,
                      "good" => 1,
                      "gosh" => 1,
                      "gotcha" => 1,
                      "great" => 1,
                      "honestly" => 1,
                      "hooray" => 1,
                      "ideally" => 1,
                      "indeed" => 1,
                      "just" => 1,
                      "like" => 1,
                      "literally" => 1,
                      "look" => 1,
                      "maybe" => 1,
                      "mind" => 1,
                      "moreover" => 1,
                      "most" => 1,
                      "naturally" => 1,
                      "no" => 1,
                      "now" => 1,
                      "obviously" => 1,
                      "oh" => 1,
                      "ok" => 1,
                      "okay" => 1,
                      "only" => 1,
                      "perhaps" => 1,
                      "predictably" => 1,
                      "presumably" => 1,
                      "probably" => 1,
                      "quite" => 1,
                      "really" => 1,
                      "right" => 1,
                      "roughly" => 1,
                      "sadly" => 1,
                      "secondly" => 1,
                      "seemed" => 1,
                      "seriously" => 1,
                      "simply" => 1,
                      "slightly" => 1,
                      "so" => 1,
                      "somehow" => 1,
                      "sorry" => 1,
                      "sure" => 1,
                      "surely" => 1,
                      "thankfully" => 1,
                      "that" => 1,
                      "thirdly" => 1,
                      "totally" => 1,
                      "truly" => 1,
                      "ugh" => 1,
                      "um" => 1,
                      "understandably" => 1,
                      "undoubtedly" => 1,
                      "unfortunately" => 1,
                      "very" => 1,
                      "well" => 1,
                      "whatever" => 1,
                      "wonderful" => 1,
                      "wow" => 1,
                      "yeah" => 1,
                      "yes" => 1,
                      "yippee" => 1,
                      "yuk" => 1,
                    },
                  },
                  "GetColor": [Function],
                  "ResetColor": [Function],
                  "SetVolumes": [Function],
                  "WordCounter": WordCounter {
                    "CalculateFrequencies": [Function],
                    "GetColor": [Function],
                    "GetFrequency": [Function],
                    "IsInMostUsedList": [Function],
                    "topWords": Array [],
                    "wordsAndFreqs": Map {},
                  },
                  "useFillerWords": false,
                  "useVolumeLevel": false,
                  "useWordFrequencies": false,
                },
              }
            }
            toggleRecord={[Function]}
          />,
        },
        "ref": null,
        "rendered": Object {
          "instance": null,
          "key": undefined,
          "nodeType": "class",
          "props": Object {
            "reset": [Function],
            "setHighLight": [Function],
            "state": Object {
              "audioChunks": Array [],
              "blobUrl": "",
              "elapsed": 0,
              "highlight": 0,
              "interim": "",
              "isRecording": false,
              "left": false,
              "transcript": Array [],
              "view": 0,
              "volumes": Array [],
              "wordColor": WordColor {
                "AudioUtils": AudioUtils {
                  "GetColor": [Function],
                  "SetVolumes": [Function],
                  "audioSampleSize": 10,
                  "averageVolumes": Array [],
                  "startTime": 0,
                  "startTimeNotSet": true,
                  "startVolume": 0,
                  "volumeCounter": 0,
                  "wordTimesAndVolumes": Map {},
                },
                "CalculateFrequencies": [Function],
                "ColorUsingFillerWords": [Function],
                "ColorUsingVolumeLevel": [Function],
                "ColorUsingWordFrequencies": [Function],
                "FillerWords": FillerWords {
                  "GetColor": [Function],
                  "fillerWords": Map {
                    "absolutely" => 1,
                    "actually" => 1,
                    "admittedly" => 1,
                    "almost" => 1,
                    "anyway" => 1,
                    "apparently" => 1,
                    "arguably" => 1,
                    "basically" => 1,
                    "certainly" => 1,
                    "clearly" => 1,
                    "confidentially" => 1,
                    "cool" => 1,
                    "definitely" => 1,
                    "essentially" => 1,
                    "exactly" => 1,
                    "fine" => 1,
                    "firstly" => 1,
                    "fortunately" => 1,
                    "frankly" => 1,
                    "good" => 1,
                    "gosh" => 1,
                    "gotcha" => 1,
                    "great" => 1,
                    "honestly" => 1,
                    "hooray" => 1,
                    "ideally" => 1,
                    "indeed" => 1,
                    "just" => 1,
                    "like" => 1,
                    "literally" => 1,
                    "look" => 1,
                    "maybe" => 1,
                    "mind" => 1,
                    "moreover" => 1,
                    "most" => 1,
                    "naturally" => 1,
                    "no" => 1,
                    "now" => 1,
                    "obviously" => 1,
                    "oh" => 1,
                    "ok" => 1,
                    "okay" => 1,
                    "only" => 1,
                    "perhaps" => 1,
                    "predictably" => 1,
                    "presumably" => 1,
                    "probably" => 1,
                    "quite" => 1,
                    "really" => 1,
                    "right" => 1,
                    "roughly" => 1,
                    "sadly" => 1,
                    "secondly" => 1,
                    "seemed" => 1,
                    "seriously" => 1,
                    "simply" => 1,
                    "slightly" => 1,
                    "so" => 1,
                    "somehow" => 1,
                    "sorry" => 1,
                    "sure" => 1,
                    "surely" => 1,
                    "thankfully" => 1,
                    "that" => 1,
                    "thirdly" => 1,
                    "totally" => 1,
                    "truly" => 1,
                    "ugh" => 1,
                    "um" => 1,
                    "understandably" => 1,
                    "undoubtedly" => 1,
                    "unfortunately" => 1,
                    "very" => 1,
                    "well" => 1,
                    "whatever" => 1,
                    "wonderful" => 1,
                    "wow" => 1,
                    "yeah" => 1,
                    "yes" => 1,
                    "yippee" => 1,
                    "yuk" => 1,
                  },
                },
                "GetColor": [Function],
                "ResetColor": [Function],
                "SetVolumes": [Function],
                "WordCounter": WordCounter {
                  "CalculateFrequencies": [Function],
                  "GetColor": [Function],
                  "GetFrequency": [Function],
                  "IsInMostUsedList": [Function],
                  "topWords": Array [],
                  "wordsAndFreqs": Map {},
                },
                "useFillerWords": false,
                "useVolumeLevel": false,
                "useWordFrequencies": false,
              },
            },
            "toggleRecord": [Function],
          },
          "ref": null,
          "rendered": null,
          "type": [Function],
        },
        "type": "div",
      },
    ],
    "type": "div",
  },
  Symbol(enzyme.__nodes__): Array [
    Object {
      "instance": null,
      "key": undefined,
      "nodeType": "host",
      "props": Object {
        "children": Array [
          <div>
            <Hidden
              implementation="js"
              lgDown={false}
              lgUp={false}
              mdDown={false}
              mdUp={false}
              smDown={true}
              smUp={false}
              xlDown={false}
              xlUp={false}
              xsDown={false}
              xsUp={false}
            >
              <WithStyles(MiniDrawer)
                setView={[Function]}
              />
            </Hidden>
            <Hidden
              implementation="js"
              lgDown={false}
              lgUp={false}
              mdDown={false}
              mdUp={true}
              smDown={false}
              smUp={false}
              xlDown={false}
              xlUp={false}
              xsDown={false}
              xsUp={false}
            >
              <MobileDrawer
                setView={[Function]}
              />
            </Hidden>
          </div>,
          <div>
            <WithStyles(HomePage)
              reset={[Function]}
              setHighLight={[Function]}
              state={
                Object {
                  "audioChunks": Array [],
                  "blobUrl": "",
                  "elapsed": 0,
                  "highlight": 0,
                  "interim": "",
                  "isRecording": false,
                  "left": false,
                  "transcript": Array [],
                  "view": 0,
                  "volumes": Array [],
                  "wordColor": WordColor {
                    "AudioUtils": AudioUtils {
                      "GetColor": [Function],
                      "SetVolumes": [Function],
                      "audioSampleSize": 10,
                      "averageVolumes": Array [],
                      "startTime": 0,
                      "startTimeNotSet": true,
                      "startVolume": 0,
                      "volumeCounter": 0,
                      "wordTimesAndVolumes": Map {},
                    },
                    "CalculateFrequencies": [Function],
                    "ColorUsingFillerWords": [Function],
                    "ColorUsingVolumeLevel": [Function],
                    "ColorUsingWordFrequencies": [Function],
                    "FillerWords": FillerWords {
                      "GetColor": [Function],
                      "fillerWords": Map {
                        "absolutely" => 1,
                        "actually" => 1,
                        "admittedly" => 1,
                        "almost" => 1,
                        "anyway" => 1,
                        "apparently" => 1,
                        "arguably" => 1,
                        "basically" => 1,
                        "certainly" => 1,
                        "clearly" => 1,
                        "confidentially" => 1,
                        "cool" => 1,
                        "definitely" => 1,
                        "essentially" => 1,
                        "exactly" => 1,
                        "fine" => 1,
                        "firstly" => 1,
                        "fortunately" => 1,
                        "frankly" => 1,
                        "good" => 1,
                        "gosh" => 1,
                        "gotcha" => 1,
                        "great" => 1,
                        "honestly" => 1,
                        "hooray" => 1,
                        "ideally" => 1,
                        "indeed" => 1,
                        "just" => 1,
                        "like" => 1,
                        "literally" => 1,
                        "look" => 1,
                        "maybe" => 1,
                        "mind" => 1,
                        "moreover" => 1,
                        "most" => 1,
                        "naturally" => 1,
                        "no" => 1,
                        "now" => 1,
                        "obviously" => 1,
                        "oh" => 1,
                        "ok" => 1,
                        "okay" => 1,
                        "only" => 1,
                        "perhaps" => 1,
                        "predictably" => 1,
                        "presumably" => 1,
                        "probably" => 1,
                        "quite" => 1,
                        "really" => 1,
                        "right" => 1,
                        "roughly" => 1,
                        "sadly" => 1,
                        "secondly" => 1,
                        "seemed" => 1,
                        "seriously" => 1,
                        "simply" => 1,
                        "slightly" => 1,
                        "so" => 1,
                        "somehow" => 1,
                        "sorry" => 1,
                        "sure" => 1,
                        "surely" => 1,
                        "thankfully" => 1,
                        "that" => 1,
                        "thirdly" => 1,
                        "totally" => 1,
                        "truly" => 1,
                        "ugh" => 1,
                        "um" => 1,
                        "understandably" => 1,
                        "undoubtedly" => 1,
                        "unfortunately" => 1,
                        "very" => 1,
                        "well" => 1,
                        "whatever" => 1,
                        "wonderful" => 1,
                        "wow" => 1,
                        "yeah" => 1,
                        "yes" => 1,
                        "yippee" => 1,
                        "yuk" => 1,
                      },
                    },
                    "GetColor": [Function],
                    "ResetColor": [Function],
                    "SetVolumes": [Function],
                    "WordCounter": WordCounter {
                      "CalculateFrequencies": [Function],
                      "GetColor": [Function],
                      "GetFrequency": [Function],
                      "IsInMostUsedList": [Function],
                      "topWords": Array [],
                      "wordsAndFreqs": Map {},
                    },
                    "useFillerWords": false,
                    "useVolumeLevel": false,
                    "useWordFrequencies": false,
                  },
                }
              }
              toggleRecord={[Function]}
            />
          </div>,
        ],
      },
      "ref": null,
      "rendered": Array [
        Object {
          "instance": null,
          "key": undefined,
          "nodeType": "host",
          "props": Object {
            "children": Array [
              <Hidden
                implementation="js"
                lgDown={false}
                lgUp={false}
                mdDown={false}
                mdUp={false}
                smDown={true}
                smUp={false}
                xlDown={false}
                xlUp={false}
                xsDown={false}
                xsUp={false}
              >
                <WithStyles(MiniDrawer)
                  setView={[Function]}
                />
              </Hidden>,
              <Hidden
                implementation="js"
                lgDown={false}
                lgUp={false}
                mdDown={false}
                mdUp={true}
                smDown={false}
                smUp={false}
                xlDown={false}
                xlUp={false}
                xsDown={false}
                xsUp={false}
              >
                <MobileDrawer
                  setView={[Function]}
                />
              </Hidden>,
            ],
          },
          "ref": null,
          "rendered": Array [
            Object {
              "instance": null,
              "key": undefined,
              "nodeType": "function",
              "props": Object {
                "children": <WithStyles(MiniDrawer)
                  setView={[Function]}
                />,
                "implementation": "js",
                "lgDown": false,
                "lgUp": false,
                "mdDown": false,
                "mdUp": false,
                "smDown": true,
                "smUp": false,
                "xlDown": false,
                "xlUp": false,
                "xsDown": false,
                "xsUp": false,
              },
              "ref": null,
              "rendered": Object {
                "instance": null,
                "key": undefined,
                "nodeType": "class",
                "props": Object {
                  "setView": [Function],
                },
                "ref": null,
                "rendered": null,
                "type": [Function],
              },
              "type": [Function],
            },
            Object {
              "instance": null,
              "key": undefined,
              "nodeType": "function",
              "props": Object {
                "children": <MobileDrawer
                  setView={[Function]}
                />,
                "implementation": "js",
                "lgDown": false,
                "lgUp": false,
                "mdDown": false,
                "mdUp": true,
                "smDown": false,
                "smUp": false,
                "xlDown": false,
                "xlUp": false,
                "xsDown": false,
                "xsUp": false,
              },
              "ref": null,
              "rendered": Object {
                "instance": null,
                "key": undefined,
                "nodeType": "class",
                "props": Object {
                  "setView": [Function],
                },
                "ref": null,
                "rendered": null,
                "type": [Function],
              },
              "type": [Function],
            },
          ],
          "type": "div",
        },
        Object {
          "instance": null,
          "key": undefined,
          "nodeType": "host",
          "props": Object {
            "children": <WithStyles(HomePage)
              reset={[Function]}
              setHighLight={[Function]}
              state={
                Object {
                  "audioChunks": Array [],
                  "blobUrl": "",
                  "elapsed": 0,
                  "highlight": 0,
                  "interim": "",
                  "isRecording": false,
                  "left": false,
                  "transcript": Array [],
                  "view": 0,
                  "volumes": Array [],
                  "wordColor": WordColor {
                    "AudioUtils": AudioUtils {
                      "GetColor": [Function],
                      "SetVolumes": [Function],
                      "audioSampleSize": 10,
                      "averageVolumes": Array [],
                      "startTime": 0,
                      "startTimeNotSet": true,
                      "startVolume": 0,
                      "volumeCounter": 0,
                      "wordTimesAndVolumes": Map {},
                    },
                    "CalculateFrequencies": [Function],
                    "ColorUsingFillerWords": [Function],
                    "ColorUsingVolumeLevel": [Function],
                    "ColorUsingWordFrequencies": [Function],
                    "FillerWords": FillerWords {
                      "GetColor": [Function],
                      "fillerWords": Map {
                        "absolutely" => 1,
                        "actually" => 1,
                        "admittedly" => 1,
                        "almost" => 1,
                        "anyway" => 1,
                        "apparently" => 1,
                        "arguably" => 1,
                        "basically" => 1,
                        "certainly" => 1,
                        "clearly" => 1,
                        "confidentially" => 1,
                        "cool" => 1,
                        "definitely" => 1,
                        "essentially" => 1,
                        "exactly" => 1,
                        "fine" => 1,
                        "firstly" => 1,
                        "fortunately" => 1,
                        "frankly" => 1,
                        "good" => 1,
                        "gosh" => 1,
                        "gotcha" => 1,
                        "great" => 1,
                        "honestly" => 1,
                        "hooray" => 1,
                        "ideally" => 1,
                        "indeed" => 1,
                        "just" => 1,
                        "like" => 1,
                        "literally" => 1,
                        "look" => 1,
                        "maybe" => 1,
                        "mind" => 1,
                        "moreover" => 1,
                        "most" => 1,
                        "naturally" => 1,
                        "no" => 1,
                        "now" => 1,
                        "obviously" => 1,
                        "oh" => 1,
                        "ok" => 1,
                        "okay" => 1,
                        "only" => 1,
                        "perhaps" => 1,
                        "predictably" => 1,
                        "presumably" => 1,
                        "probably" => 1,
                        "quite" => 1,
                        "really" => 1,
                        "right" => 1,
                        "roughly" => 1,
                        "sadly" => 1,
                        "secondly" => 1,
                        "seemed" => 1,
                        "seriously" => 1,
                        "simply" => 1,
                        "slightly" => 1,
                        "so" => 1,
                        "somehow" => 1,
                        "sorry" => 1,
                        "sure" => 1,
                        "surely" => 1,
                        "thankfully" => 1,
                        "that" => 1,
                        "thirdly" => 1,
                        "totally" => 1,
                        "truly" => 1,
                        "ugh" => 1,
                        "um" => 1,
                        "understandably" => 1,
                        "undoubtedly" => 1,
                        "unfortunately" => 1,
                        "very" => 1,
                        "well" => 1,
                        "whatever" => 1,
                        "wonderful" => 1,
                        "wow" => 1,
                        "yeah" => 1,
                        "yes" => 1,
                        "yippee" => 1,
                        "yuk" => 1,
                      },
                    },
                    "GetColor": [Function],
                    "ResetColor": [Function],
                    "SetVolumes": [Function],
                    "WordCounter": WordCounter {
                      "CalculateFrequencies": [Function],
                      "GetColor": [Function],
                      "GetFrequency": [Function],
                      "IsInMostUsedList": [Function],
                      "topWords": Array [],
                      "wordsAndFreqs": Map {},
                    },
                    "useFillerWords": false,
                    "useVolumeLevel": false,
                    "useWordFrequencies": false,
                  },
                }
              }
              toggleRecord={[Function]}
            />,
          },
          "ref": null,
          "rendered": Object {
            "instance": null,
            "key": undefined,
            "nodeType": "class",
            "props": Object {
              "reset": [Function],
              "setHighLight": [Function],
              "state": Object {
                "audioChunks": Array [],
                "blobUrl": "",
                "elapsed": 0,
                "highlight": 0,
                "interim": "",
                "isRecording": false,
                "left": false,
                "transcript": Array [],
                "view": 0,
                "volumes": Array [],
                "wordColor": WordColor {
                  "AudioUtils": AudioUtils {
                    "GetColor": [Function],
                    "SetVolumes": [Function],
                    "audioSampleSize": 10,
                    "averageVolumes": Array [],
                    "startTime": 0,
                    "startTimeNotSet": true,
                    "startVolume": 0,
                    "volumeCounter": 0,
                    "wordTimesAndVolumes": Map {},
                  },
                  "CalculateFrequencies": [Function],
                  "ColorUsingFillerWords": [Function],
                  "ColorUsingVolumeLevel": [Function],
                  "ColorUsingWordFrequencies": [Function],
                  "FillerWords": FillerWords {
                    "GetColor": [Function],
                    "fillerWords": Map {
                      "absolutely" => 1,
                      "actually" => 1,
                      "admittedly" => 1,
                      "almost" => 1,
                      "anyway" => 1,
                      "apparently" => 1,
                      "arguably" => 1,
                      "basically" => 1,
                      "certainly" => 1,
                      "clearly" => 1,
                      "confidentially" => 1,
                      "cool" => 1,
                      "definitely" => 1,
                      "essentially" => 1,
                      "exactly" => 1,
                      "fine" => 1,
                      "firstly" => 1,
                      "fortunately" => 1,
                      "frankly" => 1,
                      "good" => 1,
                      "gosh" => 1,
                      "gotcha" => 1,
                      "great" => 1,
                      "honestly" => 1,
                      "hooray" => 1,
                      "ideally" => 1,
                      "indeed" => 1,
                      "just" => 1,
                      "like" => 1,
                      "literally" => 1,
                      "look" => 1,
                      "maybe" => 1,
                      "mind" => 1,
                      "moreover" => 1,
                      "most" => 1,
                      "naturally" => 1,
                      "no" => 1,
                      "now" => 1,
                      "obviously" => 1,
                      "oh" => 1,
                      "ok" => 1,
                      "okay" => 1,
                      "only" => 1,
                      "perhaps" => 1,
                      "predictably" => 1,
                      "presumably" => 1,
                      "probably" => 1,
                      "quite" => 1,
                      "really" => 1,
                      "right" => 1,
                      "roughly" => 1,
                      "sadly" => 1,
                      "secondly" => 1,
                      "seemed" => 1,
                      "seriously" => 1,
                      "simply" => 1,
                      "slightly" => 1,
                      "so" => 1,
                      "somehow" => 1,
                      "sorry" => 1,
                      "sure" => 1,
                      "surely" => 1,
                      "thankfully" => 1,
                      "that" => 1,
                      "thirdly" => 1,
                      "totally" => 1,
                      "truly" => 1,
                      "ugh" => 1,
                      "um" => 1,
                      "understandably" => 1,
                      "undoubtedly" => 1,
                      "unfortunately" => 1,
                      "very" => 1,
                      "well" => 1,
                      "whatever" => 1,
                      "wonderful" => 1,
                      "wow" => 1,
                      "yeah" => 1,
                      "yes" => 1,
                      "yippee" => 1,
                      "yuk" => 1,
                    },
                  },
                  "GetColor": [Function],
                  "ResetColor": [Function],
                  "SetVolumes": [Function],
                  "WordCounter": WordCounter {
                    "CalculateFrequencies": [Function],
                    "GetColor": [Function],
                    "GetFrequency": [Function],
                    "IsInMostUsedList": [Function],
                    "topWords": Array [],
                    "wordsAndFreqs": Map {},
                  },
                  "useFillerWords": false,
                  "useVolumeLevel": false,
                  "useWordFrequencies": false,
                },
              },
              "toggleRecord": [Function],
            },
            "ref": null,
            "rendered": null,
            "type": [Function],
          },
          "type": "div",
        },
      ],
      "type": "div",
    },
  ],
  Symbol(enzyme.__options__): Object {
    "adapter": ReactSixteenAdapter {
      "options": Object {
        "enableComponentDidUpdateOnSetState": true,
        "legacyContextMode": "parent",
        "lifecycles": Object {
          "componentDidUpdate": Object {
            "onSetState": true,
          },
          "getChildContext": Object {
            "calledByRenderer": false,
          },
          "getDerivedStateFromProps": Object {
            "hasShouldComponentUpdateBug": false,
          },
          "getSnapshotBeforeUpdate": true,
          "setState": Object {
            "skipsComponentDidUpdateOnNullish": true,
          },
        },
      },
    },
  },
  Symbol(enzyme.__childContext__): null,
}
`;
